../Core/Src/main.c:18:5:main	64	static
../Core/Src/main.c:49:6:SystemClock_Config	4	static
../Core/Src/main.c:55:6:DS18B20_Init	24	static
../Core/Src/main.c:66:6:DS18B20_WriteBit	16	static
../Core/Src/main.c:84:9:DS18B20_ReadBit	16	static
../Core/Src/main.c:110:6:DS18B20_WriteByte	24	static
../Core/Src/main.c:120:9:DS18B20_ReadByte	16	static
../Core/Src/main.c:134:6:DS18B20_StartConversion	8	static
../Core/Src/main.c:142:7:DS18B20_ReadTemperature	16	static
../Core/Src/main.c:159:6:Error_Handler	4	static
../Core/Src/main.c:167:6:assert_failed	16	static
